cdk/drag-drop/all-directives: 154369
cdk/drag-drop/basic: 151799
material-experimental/mdc-button/basic: 182085
material-experimental/mdc-checkbox/basic: 237966
material-experimental/mdc-chips/basic: 249902
material-experimental/mdc-form-field/advanced: 294091
material-experimental/mdc-form-field/basic: 292537
material-experimental/mdc-menu/basic: 279668
material-experimental/mdc-radio/basic: 234430
material-experimental/mdc-slide-toggle/basic: 230419
material-experimental/mdc-slider/basic: 246581
material-experimental/mdc-tabs/basic: 272239
material/autocomplete/without-optgroup: 271630
material/button-toggle/standalone: 184556
material/chips/basic: 225881
material/datepicker/range-picker/without-form-field: 387000
material/expansion/without-accordion: 198134
material/form-field/advanced: 246010
material/form-field/basic: 244392
material/list/nav-list: 192402
material/menu/without-lazy-content: 276700
material/radio/without-group: 187726
material/select/basic: 319273
material/tabs/advanced: 252905
material/tabs/basic: 252037
